\BOOKMARK [1][-]{section.1}{\376\377\000Q\000u\000e\000s\000t\000\343\000o\000\040\0001}{}% 1
\BOOKMARK [1][-]{section.2}{\376\377\000Q\000u\000e\000s\000t\000\343\000o\000\040\0002}{}% 2
\BOOKMARK [2][-]{subsection.2.1}{\376\377\000P\000o\000n\000t\000o\000\040\0001\000\040\040\023\000\040\000C\000a\000r\000a\000c\000t\000e\000r\000i\000z\000a\000\347\000\343\000o\000\040\000d\000a\000s\000\040\000V\000a\000r\000i\000\341\000v\000e\000i\000s}{section.2}% 3
\BOOKMARK [3][-]{subsubsection.2.1.1}{\376\377\000C\000l\000a\000s\000s\000i\000f\000i\000c\000a\000\347\000\343\000o\000\040\000d\000a\000s\000\040\000v\000a\000r\000i\000\341\000v\000e\000i\000s}{subsection.2.1}% 4
\BOOKMARK [3][-]{subsubsection.2.1.2}{\376\377\000C\000a\000t\000e\000g\000o\000r\000i\000a\000s\000\040\000d\000a\000s\000\040\000v\000a\000r\000i\000\341\000v\000e\000i\000s\000\040\000c\000a\000t\000e\000g\000\363\000r\000i\000c\000a\000s}{subsection.2.1}% 5
\BOOKMARK [3][-]{subsubsection.2.1.3}{\376\377\000U\000n\000i\000d\000a\000d\000e\000s\000\040\000e\000\040\000s\000i\000g\000n\000i\000f\000i\000c\000a\000d\000o\000\040\000d\000a\000s\000\040\000v\000a\000r\000i\000\341\000v\000e\000i\000s\000\040\000n\000u\000m\000\351\000r\000i\000c\000a\000s}{subsection.2.1}% 6
\BOOKMARK [3][-]{subsubsection.2.1.4}{\376\377\000V\000a\000l\000o\000r\000e\000s\000\040\000a\000u\000s\000e\000n\000t\000e\000s}{subsection.2.1}% 7
\BOOKMARK [2][-]{subsection.2.2}{\376\377\000P\000o\000n\000t\000o\000\040\0002\000\040\040\023\000\040\000M\000e\000d\000i\000d\000a\000s\000\040\000d\000e\000\040\000T\000e\000n\000d\000\352\000n\000c\000i\000a\000\040\000C\000e\000n\000t\000r\000a\000l}{section.2}% 8
\BOOKMARK [3][-]{subsubsection.2.2.1}{\376\377\000C\000\341\000l\000c\000u\000l\000o\000\040\000m\000a\000n\000u\000a\000l\000\040\040\023\000\040\0001\0000\000\040\000p\000r\000i\000m\000e\000i\000r\000a\000s\000\040\000o\000b\000s\000e\000r\000v\000a\000\347\000\365\000e\000s}{subsection.2.2}% 9
\BOOKMARK [2][-]{subsection.2.3}{\376\377\000P\000o\000n\000t\000o\000\040\0003\000\040\040\023\000\040\000Q\000u\000a\000r\000t\000i\000s\000\040\000e\000\040\000V\000a\000l\000o\000r\000e\000s\000\040\000A\000t\000\355\000p\000i\000c\000o\000s}{section.2}% 10
\BOOKMARK [3][-]{subsubsection.2.3.1}{\376\377\000C\000\341\000l\000c\000u\000l\000o\000\040\000m\000a\000n\000u\000a\000l\000\040\000d\000o\000s\000\040\000q\000u\000a\000r\000t\000i\000s\000\040\040\023\000\040\0001\0000\000\040\000p\000r\000i\000m\000e\000i\000r\000a\000s\000\040\000o\000b\000s\000e\000r\000v\000a\000\347\000\365\000e\000s}{subsection.2.3}% 11
\BOOKMARK [2][-]{subsection.2.4}{\376\377\000P\000o\000n\000t\000o\000\040\0004\000\040\040\023\000\040\000H\000i\000s\000t\000o\000g\000r\000a\000m\000a\000\040\000e\000\040\000B\000o\000x\000p\000l\000o\000t}{section.2}% 12
\BOOKMARK [2][-]{subsection.2.5}{\376\377\000P\000o\000n\000t\000o\000\040\0005\000\040\040\023\000\040\000V\000a\000r\000i\000\341\000v\000e\000l\000\040\000l\000o\000w\000\137\000u\000s\000a\000g\000e}{section.2}% 13
\BOOKMARK [3][-]{subsubsection.2.5.1}{\376\377\000C\000\341\000l\000c\000u\000l\000o\000\040\000m\000a\000n\000u\000a\000l\000\040\000d\000e\000\040\000Q\0001\000\040\040\023\000\040\0001\0000\000\040\000p\000r\000i\000m\000e\000i\000r\000a\000s\000\040\000o\000b\000s\000e\000r\000v\000a\000\347\000\365\000e\000s}{subsection.2.5}% 14
\BOOKMARK [1][-]{section.3}{\376\377\000Q\000u\000e\000s\000t\000\343\000o\000\040\0003}{}% 15
\BOOKMARK [2][-]{subsection.3.1}{\376\377\000P\000o\000n\000t\000o\000\040\0001\000\040\040\023\000\040\000U\000t\000i\000l\000i\000z\000a\000\347\000\343\000o\000\040\000p\000o\000r\000\040\000E\000s\000t\000a\000\347\000\343\000o\000\040\000d\000o\000\040\000A\000n\000o}{section.3}% 16
\BOOKMARK [3][-]{subsubsection.3.1.1}{\376\377\000C\000\341\000l\000c\000u\000l\000o\000\040\000m\000a\000n\000u\000a\000l\000\040\040\023\000\040\0001\0000\000\040\000p\000r\000i\000m\000e\000i\000r\000a\000s\000\040\000o\000b\000s\000e\000r\000v\000a\000\347\000\365\000e\000s}{subsection.3.1}% 17
\BOOKMARK [3][-]{subsubsection.3.1.2}{\376\377\000R\000e\000s\000u\000l\000t\000a\000d\000o\000s\000\040\000p\000a\000r\000a\000\040\000a\000s\000\040\0003\0000\0000\000\040\000o\000b\000s\000e\000r\000v\000a\000\347\000\365\000e\000s\000\040\000d\000o\000\040\000g\000r\000u\000p\000o}{subsection.3.1}% 18
\BOOKMARK [2][-]{subsection.3.2}{\376\377\000P\000o\000n\000t\000o\000\040\0002\000\040\040\023\000\040\000U\000t\000i\000l\000i\000z\000a\000\347\000\343\000o\000\040\000p\000o\000r\000\040\000C\000o\000n\000d\000i\000\347\000\343\000o\000\040\000M\000e\000t\000e\000o\000r\000o\000l\000\363\000g\000i\000c\000a}{section.3}% 19
\BOOKMARK [3][-]{subsubsection.3.2.1}{\376\377\000C\000\341\000l\000c\000u\000l\000o\000\040\000m\000a\000n\000u\000a\000l\000\040\040\023\000\040\0001\0000\000\040\000p\000r\000i\000m\000e\000i\000r\000a\000s\000\040\000o\000b\000s\000e\000r\000v\000a\000\347\000\365\000e\000s}{subsection.3.2}% 20
\BOOKMARK [3][-]{subsubsection.3.2.2}{\376\377\000R\000e\000s\000u\000l\000t\000a\000d\000o\000s\000\040\000p\000a\000r\000a\000\040\000a\000s\000\040\0003\0000\0000\000\040\000o\000b\000s\000e\000r\000v\000a\000\347\000\365\000e\000s\000\040\000d\000o\000\040\000g\000r\000u\000p\000o}{subsection.3.2}% 21
\BOOKMARK [2][-]{subsection.3.3}{\376\377\000P\000o\000n\000t\000o\000\040\0003\000\040\040\023\000\040\000R\000e\000l\000a\000\347\000\343\000o\000\040\000e\000n\000t\000r\000e\000\040\000T\000e\000m\000p\000e\000r\000a\000t\000u\000r\000a\000\040\000e\000\040\000t\000o\000t\000a\000l\000\137\000u\000s\000e\000r}{section.3}% 22
\BOOKMARK [3][-]{subsubsection.3.3.1}{\376\377\000C\000\341\000l\000c\000u\000l\000o\000\040\000m\000a\000n\000u\000a\000l\000\040\040\023\000\040\0001\0000\000\040\000p\000r\000i\000m\000e\000i\000r\000a\000s\000\040\000o\000b\000s\000e\000r\000v\000a\000\347\000\365\000e\000s}{subsection.3.3}% 23
\BOOKMARK [3][-]{subsubsection.3.3.2}{\376\377\000R\000e\000s\000u\000l\000t\000a\000d\000o\000s\000\040\000p\000a\000r\000a\000\040\000a\000s\000\040\0003\0000\0000\000\040\000o\000b\000s\000e\000r\000v\000a\000\347\000\365\000e\000s\000\040\000d\000o\000\040\000g\000r\000u\000p\000o}{subsection.3.3}% 24
\BOOKMARK [2][-]{subsection.3.4}{\376\377\000P\000o\000n\000t\000o\000\040\0004\000\040\040\023\000\040\000C\000a\000r\000a\000c\000t\000e\000r\000\355\000s\000t\000i\000c\000a\000s\000\040\000M\000a\000i\000s\000\040\000A\000s\000s\000o\000c\000i\000a\000d\000a\000s\000\040\000\340\000\040\000U\000t\000i\000l\000i\000z\000a\000\347\000\343\000o\000\040\000d\000o\000\040\000S\000i\000s\000t\000e\000m\000a}{section.3}% 25
\BOOKMARK [1][-]{section.4}{\376\377\000Q\000u\000e\000s\000t\000\343\000o\000\040\0004}{}% 26
\BOOKMARK [2][-]{subsection.4.1}{\376\377\000P\000o\000n\000t\000o\000\040\0001\000\040\040\023\000\040\000S\000\351\000r\000i\000e\000\040\000T\000e\000m\000p\000o\000r\000a\000l\000\040\000d\000e\000\040\000t\000o\000t\000a\000l\000\137\000u\000s\000e\000r}{section.4}% 27
\BOOKMARK [3][-]{subsubsection.4.1.1}{\376\377\000S\000\351\000r\000i\000e\000\040\000t\000e\000m\000p\000o\000r\000a\000l\000\040\040\023\000\040\0001\0000\000\040\000p\000r\000i\000m\000e\000i\000r\000a\000s\000\040\000o\000b\000s\000e\000r\000v\000a\000\347\000\365\000e\000s}{subsection.4.1}% 28
\BOOKMARK [3][-]{subsubsection.4.1.2}{\376\377\000S\000\351\000r\000i\000e\000\040\000t\000e\000m\000p\000o\000r\000a\000l\000\040\040\023\000\040\0003\0000\0000\000\040\000o\000b\000s\000e\000r\000v\000a\000\347\000\365\000e\000s\000\040\000d\000o\000\040\000g\000r\000u\000p\000o}{subsection.4.1}% 29
\BOOKMARK [2][-]{subsection.4.2}{\376\377\000P\000o\000n\000t\000o\000\040\0002\000\040\040\023\000\040\000A\000p\000r\000o\000f\000u\000n\000d\000a\000m\000e\000n\000t\000o\000\040\000d\000a\000s\000\040\000C\000a\000r\000a\000c\000t\000e\000r\000\355\000s\000t\000i\000c\000a\000s\000\040\000S\000e\000l\000e\000c\000i\000o\000n\000a\000d\000a\000s}{section.4}% 30
\BOOKMARK [3][-]{subsubsection.4.2.1}{\376\377\000E\000s\000t\000a\000\347\000\343\000o\000\040\000d\000o\000\040\000A\000n\000o}{subsection.4.2}% 31
\BOOKMARK [3][-]{subsubsection.4.2.2}{\376\377\000C\000o\000n\000d\000i\000\347\000\343\000o\000\040\000M\000e\000t\000e\000o\000r\000o\000l\000\363\000g\000i\000c\000a}{subsection.4.2}% 32
\BOOKMARK [2][-]{subsection.4.3}{\376\377\000P\000o\000n\000t\000o\000\040\0003\000\040\040\023\000\040\000R\000e\000l\000a\000\347\000\343\000o\000\040\000e\000n\000t\000r\000e\000\040\000T\000e\000m\000p\000e\000r\000a\000t\000u\000r\000a\000\040\000e\000\040\000t\000o\000t\000a\000l\000\137\000u\000s\000e\000r\000\040\000p\000o\000r\000\040\000G\000r\000u\000p\000o\000\040\000d\000e\000\040\000U\000t\000i\000l\000i\000z\000a\000\347\000\343\000o}{section.4}% 33
\BOOKMARK [3][-]{subsubsection.4.3.1}{\376\377\000C\000\341\000l\000c\000u\000l\000o\000\040\000m\000a\000n\000u\000a\000l\000\040\040\023\000\040\0001\0000\000\040\000p\000r\000i\000m\000e\000i\000r\000a\000s\000\040\000o\000b\000s\000e\000r\000v\000a\000\347\000\365\000e\000s}{subsection.4.3}% 34
\BOOKMARK [3][-]{subsubsection.4.3.2}{\376\377\000R\000e\000s\000u\000l\000t\000a\000d\000o\000s\000\040\000p\000a\000r\000a\000\040\000a\000s\000\040\0003\0000\0000\000\040\000o\000b\000s\000e\000r\000v\000a\000\347\000\365\000e\000s\000\040\000d\000o\000\040\000g\000r\000u\000p\000o}{subsection.4.3}% 35
\BOOKMARK [2][-]{subsection.4.4}{\376\377\000P\000o\000n\000t\000o\000\040\0004\000\040\040\023\000\040\000C\000o\000n\000c\000l\000u\000s\000\343\000o\000\040\000F\000i\000n\000a\000l}{section.4}% 36
