This is pdfTeX, Version 3.141592653-2.6-1.40.29 (TeX Live 2026) (preloaded format=pdflatex 2026.6.26)  30 SEP 2026 10:45
entering extended mode
 restricted \write18 enabled.
 %&-line parsing enabled.
**main.tex
(./main.tex
LaTeX2e <2026-06-01>
L3 programming layer <2026-06-18>
(c:/texlive/2026/texmf-dist/tex/latex/base/article.cls
Document Class: article 2025/01/22 v1.4n Standard LaTeX document class
(c:/texlive/2026/texmf-dist/tex/latex/base/size10.clo
File: size10.clo 2025/01/22 v1.4n Standard LaTeX file (size option)
)
\c@part=\count276
\c@section=\count277
\c@subsection=\count278
\c@subsubsection=\count279
\c@paragraph=\count280
\c@subparagraph=\count281
\c@figure=\count282
\c@table=\count283
\abovecaptionskip=\skip49
\belowcaptionskip=\skip50
\bibindent=\dimen150
)
(c:/texlive/2026/texmf-dist/tex/generic/babel/babel.sty
Package: babel 2026/06/14 v26.9 The multilingual framework for LuaLaTeX, pdfLaT
eX and XeLaTeX
\babel@savecnt=\count284
LaTeX Encoding Info:    Redeclaring text command \ij (encoding OT1) on input li
ne 2084.
LaTeX Encoding Info:    Redeclaring text command \IJ (encoding OT1) on input li
ne 2086.
LaTeX Encoding Info:    Redeclaring text command \ij (encoding T1) on input lin
e 2088.
LaTeX Encoding Info:    Redeclaring text command \IJ (encoding T1) on input lin
e 2089.
LaTeX Encoding Info:    Ignoring declaration for text command \ij (encoding ?) 
on input line 2090.
LaTeX Encoding Info:    Ignoring declaration for text command \IJ (encoding ?) 
on input line 2092.
LaTeX Encoding Info:    Ignoring declaration for text command \SS (encoding ?) 
on input line 2117.
\U@D=\dimen151
\l@unhyphenated=\language91

(c:/texlive/2026/texmf-dist/tex/generic/babel/txtbabel.def)
\bbl@readstream=\read2
\bbl@dirlevel=\count285

(c:/texlive/2026/texmf-dist/tex/generic/babel/locale/invalid/babel-brazil.tex)

Package babel Warning: Name 'brazil' is deprecated.
(babel)                Use 'brazilian' instead.
(babel)                Reported on input line 4380.

Package babel Info: Importing font and identification data for 'brazil'
(babel)             from babel-pt-BR.ini. Reported on input line 4380.
(c:/texlive/2026/texmf-dist/tex/generic/babel-portuges/brazilian.ldf
Language: portuges 2026/01/24 v1.2u Portuguese support from the babel system
Package babel Info: Hyphen rules for 'brazil' set to \l@portuguese
(babel)             (\language73). Reported on input line 100.
Package babel Info: Making " an active character on input line 132.
))
(c:/texlive/2026/texmf-dist/tex/latex/base/inputenc.sty
Package: inputenc 2024/02/08 v1.3d Input encoding file
\inpenc@prehook=\toks17
\inpenc@posthook=\toks18
)
(c:/texlive/2026/texmf-dist/tex/latex/base/fontenc.sty
Package: fontenc 2025/07/18 v2.1d Standard LaTeX package
)
(c:/texlive/2026/texmf-dist/tex/latex/geometry/geometry.sty
Package: geometry 2026/03/07 v6.0 Page Geometry

(c:/texlive/2026/texmf-dist/tex/latex/graphics/keyval.sty
Package: keyval 2026-05-17 v1.15 key=value parser (DPC)
\KV@toks@=\toks19
)
(c:/texlive/2026/texmf-dist/tex/generic/iftex/ifvtex.sty
Package: ifvtex 2019/10/25 v1.7 ifvtex legacy package. Use iftex instead.

(c:/texlive/2026/texmf-dist/tex/generic/iftex/iftex.sty
Package: iftex 2024/12/12 v1.0g TeX engine tests
))
\Gm@cnth=\count286
\Gm@cntv=\count287
\c@Gm@tempcnt=\count288
\Gm@bindingoffset=\dimen152
\Gm@wd@mp=\dimen153
\Gm@odd@mp=\dimen154
\Gm@even@mp=\dimen155
\Gm@layoutwidth=\dimen156
\Gm@layoutheight=\dimen157
\Gm@layouthoffset=\dimen158
\Gm@layoutvoffset=\dimen159
\Gm@dimlist=\toks20
)
(c:/texlive/2026/texmf-dist/tex/latex/graphics/graphicx.sty
Package: graphicx 2026-05-17 v1.2e Enhanced LaTeX Graphics (DPC,SPQR)

(c:/texlive/2026/texmf-dist/tex/latex/graphics/graphics.sty
Package: graphics 2026-05-17 v1.4h Standard LaTeX Graphics (DPC,SPQR)

(c:/texlive/2026/texmf-dist/tex/latex/graphics/trig.sty
Package: trig 2023/12/02 v1.11 sin cos tan (DPC)
)
(c:/texlive/2026/texmf-dist/tex/latex/graphics-cfg/graphics.cfg
File: graphics.cfg 2016/06/04 v1.11 sample graphics configuration
)
Package graphics Info: Driver file: pdftex.def on input line 106.

(c:/texlive/2026/texmf-dist/tex/latex/graphics-def/pdftex.def
File: pdftex.def 2025/09/29 v1.2d Graphics/color driver for pdftex
))
\Gin@req@height=\dimen160
\Gin@req@width=\dimen161
)
(c:/texlive/2026/texmf-dist/tex/latex/tools/indentfirst.sty
Package: indentfirst 2023/07/02 v1.03 Indent first paragraph (DPC)
)
(c:/texlive/2026/texmf-dist/tex/latex/setspace/setspace.sty
Package: setspace 2022/12/04 v6.7b set line spacing
)
(c:/texlive/2026/texmf-dist/tex/latex/hyperref/hyperref.sty
Package: hyperref 2026-06-17 v7.01r Hypertext links for LaTeX

(c:/texlive/2026/texmf-dist/tex/latex/kvsetkeys/kvsetkeys.sty
Package: kvsetkeys 2022-10-05 v1.19 Key value parser (HO)
)
(c:/texlive/2026/texmf-dist/tex/generic/kvdefinekeys/kvdefinekeys.sty
Package: kvdefinekeys 2019-12-19 v1.6 Define keys (HO)
)
(c:/texlive/2026/texmf-dist/tex/generic/pdfescape/pdfescape.sty
Package: pdfescape 2019/12/09 v1.15 Implements pdfTeX's escape features (HO)

(c:/texlive/2026/texmf-dist/tex/generic/ltxcmds/ltxcmds.sty
Package: ltxcmds 2023-12-04 v1.26 LaTeX kernel commands for general use (HO)
)
(c:/texlive/2026/texmf-dist/tex/generic/pdftexcmds/pdftexcmds.sty
Package: pdftexcmds 2020-06-27 v0.33 Utility functions of pdfTeX for LuaTeX (HO
)

(c:/texlive/2026/texmf-dist/tex/generic/infwarerr/infwarerr.sty
Package: infwarerr 2019/12/03 v1.5 Providing info/warning/error messages (HO)
)
Package pdftexcmds Info: \pdf@primitive is available.
Package pdftexcmds Info: \pdf@ifprimitive is available.
Package pdftexcmds Info: \pdfdraftmode found.
))
(c:/texlive/2026/texmf-dist/tex/latex/hycolor/hycolor.sty
Package: hycolor 2020-01-27 v1.10 Color options for hyperref/bookmark (HO)
)
(c:/texlive/2026/texmf-dist/tex/latex/hyperref/nameref.sty
Package: nameref 2026-01-29 v2.58 Cross-referencing by name of section

(c:/texlive/2026/texmf-dist/tex/latex/refcount/refcount.sty
Package: refcount 2019/12/15 v3.6 Data extraction from label references (HO)
)
(c:/texlive/2026/texmf-dist/tex/generic/gettitlestring/gettitlestring.sty
Package: gettitlestring 2019/12/15 v1.6 Cleanup title references (HO)

(c:/texlive/2026/texmf-dist/tex/latex/kvoptions/kvoptions.sty
Package: kvoptions 2022-06-15 v3.15 Key value format for package options (HO)
))
\c@section@level=\count289
)
(c:/texlive/2026/texmf-dist/tex/latex/etoolbox/etoolbox.sty
Package: etoolbox 2025/10/02 v2.5m e-TeX tools for LaTeX (JAW)
\etb@tempcnta=\count290
)
(c:/texlive/2026/texmf-dist/tex/generic/stringenc/stringenc.sty
Package: stringenc 2019/11/29 v1.12 Convert strings between diff. encodings (HO
)
)
\@linkdim=\dimen162
\Hy@linkcounter=\count291
\Hy@pagecounter=\count292

(c:/texlive/2026/texmf-dist/tex/latex/hyperref/pd1enc.def
File: pd1enc.def 2026-06-17 v7.01r Hyperref: PDFDocEncoding definition (HO)
Now handling font encoding PD1 ...
... no UTF-8 mapping file for font encoding PD1
)
(c:/texlive/2026/texmf-dist/tex/generic/intcalc/intcalc.sty
Package: intcalc 2019/12/15 v1.3 Expandable calculations with integers (HO)
)
\Hy@SavedSpaceFactor=\count293

(c:/texlive/2026/texmf-dist/tex/latex/hyperref/puenc.def
File: puenc.def 2026-06-17 v7.01r Hyperref: PDF Unicode definition (HO)
Now handling font encoding PU ...
... no UTF-8 mapping file for font encoding PU
)
Package hyperref Info: Hyper figures OFF on input line 4199.
Package hyperref Info: Link nesting OFF on input line 4204.
Package hyperref Info: Hyper index ON on input line 4207.
Package hyperref Info: Plain pages OFF on input line 4214.
Package hyperref Info: Backreferencing OFF on input line 4219.
Package hyperref Info: Implicit mode ON; LaTeX internals redefined.
Package hyperref Info: Bookmarks ON on input line 4466.
\c@Hy@tempcnt=\count294

(c:/texlive/2026/texmf-dist/tex/latex/url/url.sty
\Urlmuskip=\muskip17
Package: url 2013/09/16  ver 3.4  Verb mode for urls, etc.
)
LaTeX Info: Redefining \url on input line 4805.
\XeTeXLinkMargin=\dimen163

(c:/texlive/2026/texmf-dist/tex/generic/bitset/bitset.sty
Package: bitset 2019/12/09 v1.3 Handle bit-vector datatype (HO)

(c:/texlive/2026/texmf-dist/tex/generic/bigintcalc/bigintcalc.sty
Package: bigintcalc 2019/12/15 v1.5 Expandable calculations on big integers (HO
)
))
\Fld@menulength=\count295
\Field@Width=\dimen164
\Fld@charsize=\dimen165
Package hyperref Info: Hyper figures OFF on input line 6091.
Package hyperref Info: Link nesting OFF on input line 6096.
Package hyperref Info: Hyper index ON on input line 6099.
Package hyperref Info: backreferencing OFF on input line 6106.
Package hyperref Info: Link coloring OFF on input line 6111.
Package hyperref Info: Link coloring with OCG OFF on input line 6116.
Package hyperref Info: PDF/A mode OFF on input line 6121.
\Hy@abspage=\count296
\c@Item=\count297
\c@Hfootnote=\count298
)
Package hyperref Info: Driver (autodetected): hpdftex.

(c:/texlive/2026/texmf-dist/tex/latex/hyperref/hpdftex.def
File: hpdftex.def 2026-06-17 v7.01r Hyperref driver for pdfTeX
\Fld@listcount=\count299
\c@bookmark@seq@number=\count300

(c:/texlive/2026/texmf-dist/tex/latex/rerunfilecheck/rerunfilecheck.sty
Package: rerunfilecheck 2025-06-21 v1.11 Rerun checks for auxiliary files (HO)

(c:/texlive/2026/texmf-dist/tex/generic/uniquecounter/uniquecounter.sty
Package: uniquecounter 2019/12/15 v1.4 Provide unlimited unique counter (HO)
)
Package uniquecounter Info: New unique counter `rerunfilecheck' on input line 2
84.
)
\Hy@SectionHShift=\skip51
)
(c:/texlive/2026/texmf-dist/tex/latex/caption/caption.sty
Package: caption 2023/08/05 v3.6o Customizing captions (AR)

(c:/texlive/2026/texmf-dist/tex/latex/caption/caption3.sty
Package: caption3 2023/07/31 v2.4d caption3 kernel (AR)
\caption@tempdima=\dimen166
\captionmargin=\dimen167
\caption@leftmargin=\dimen168
\caption@rightmargin=\dimen169
\caption@width=\dimen170
\caption@indent=\dimen171
\caption@parindent=\dimen172
\caption@hangindent=\dimen173
Package caption Info: Standard document class detected.
)
\c@caption@flags=\count301
\c@continuedfloat=\count302
Package caption Info: hyperref package is loaded.
)
(c:/texlive/2026/texmf-dist/tex/latex/caption/subcaption.sty
Package: subcaption 2023/07/28 v1.6b Sub-captions (AR)
Package caption Info: New subtype `subfigure' on input line 238.
\c@subfigure=\count303
Package caption Info: New subtype `subtable' on input line 238.
\c@subtable=\count304
)
(c:/texlive/2026/texmf-dist/tex/latex/amsmath/amsmath.sty
Package: amsmath 2026/05/19 v2.18d AMS math features
\@mathmargin=\skip52

For additional information on amsmath, use the `?' option.
(c:/texlive/2026/texmf-dist/tex/latex/amsmath/amstext.sty
Package: amstext 2024/11/17 v2.01 AMS text

(c:/texlive/2026/texmf-dist/tex/latex/amsmath/amsgen.sty
File: amsgen.sty 1999/11/30 v2.0 generic functions
\@emptytoks=\toks21
\ex@=\dimen174
))
(c:/texlive/2026/texmf-dist/tex/latex/amsmath/amsbsy.sty
Package: amsbsy 1999/11/29 v1.2d Bold Symbols
\pmbraise@=\dimen175
)
(c:/texlive/2026/texmf-dist/tex/latex/amsmath/amsopn.sty
Package: amsopn 2022/04/08 v2.04 operator names
)
\inf@bad=\count305
LaTeX Info: Redefining \frac on input line 233.
\uproot@=\count306
\leftroot@=\count307
LaTeX Info: Redefining \overline on input line 398.
LaTeX Info: Redefining \colon on input line 409.
\classnum@=\count308
\DOTSCASE@=\count309
LaTeX Info: Redefining \ldots on input line 495.
LaTeX Info: Redefining \dots on input line 498.
LaTeX Info: Redefining \cdots on input line 619.
\Mathstrutbox@=\box53
\strutbox@=\box54
LaTeX Info: Redefining \big on input line 721.
LaTeX Info: Redefining \Big on input line 722.
LaTeX Info: Redefining \bigg on input line 723.
LaTeX Info: Redefining \Bigg on input line 724.
\big@size=\dimen176
LaTeX Font Info:    Redeclaring font encoding OML on input line 742.
LaTeX Font Info:    Redeclaring font encoding OMS on input line 743.
\macc@depth=\count310
LaTeX Info: Redefining \bmod on input line 904.
LaTeX Info: Redefining \pmod on input line 909.
LaTeX Info: Redefining \smash on input line 939.
LaTeX Info: Redefining \relbar on input line 969.
LaTeX Info: Redefining \Relbar on input line 970.
\c@MaxMatrixCols=\count311
\dotsspace@=\muskip18
\c@parentequation=\count312
\dspbrk@lvl=\count313
\tag@help=\toks22
\row@=\count314
\column@=\count315
\maxfields@=\count316
\andhelp@=\toks23
\eqnshift@=\dimen177
\alignsep@=\dimen178
\tagshift@=\dimen179
\tagwidth@=\dimen180
\totwidth@=\dimen181
\lineht@=\dimen182
\@envbody=\toks24
\multlinegap=\skip53
\multlinetaggap=\skip54
\mathdisplay@stack=\toks25
LaTeX Info: Redefining \[ on input line 2965.
LaTeX Info: Redefining \] on input line 2966.
)
(c:/texlive/2026/texmf-dist/tex/latex/enumitem/enumitem.sty
Package: enumitem 2025/02/06 v3.11 Customized lists
\labelindent=\skip55
\enit@outerparindent=\dimen183
\enit@toks=\toks26
\enit@inbox=\box55
\enit@count@id=\count317
\enitdp@description=\count318
)
(c:/texlive/2026/texmf-dist/tex/latex/parskip/parskip.sty
Package: parskip 2021-03-14 v2.0h non-zero parskip adjustments
)
(c:/texlive/2026/texmf-dist/tex/latex/microtype/microtype.sty
Package: microtype 2026/03/01 v3.2d Micro-typographical refinements (RS)
\MT@toks=\toks27
\MT@tempbox=\box56
\MT@count=\count319
LaTeX Info: Redefining \noprotrusionifhmode on input line 1084.
LaTeX Info: Redefining \leftprotrusion on input line 1085.
\MT@prot@toks=\toks28
LaTeX Info: Redefining \rightprotrusion on input line 1104.
LaTeX Info: Redefining \textls on input line 1449.
\MT@outer@kern=\dimen184
LaTeX Info: Redefining \microtypecontext on input line 2053.
LaTeX Info: Redefining \textmicrotypecontext on input line 2070.
\MT@listname@count=\count320

(c:/texlive/2026/texmf-dist/tex/latex/microtype/microtype-pdftex.def
File: microtype-pdftex.def 2026/03/01 v3.2d Definitions specific to pdftex (RS)

LaTeX Info: Redefining \lsstyle on input line 944.
LaTeX Info: Redefining \lslig on input line 944.
\MT@outer@space=\skip56
)
Package microtype Info: Loading configuration file microtype.cfg.

(c:/texlive/2026/texmf-dist/tex/latex/microtype/microtype.cfg
File: microtype.cfg 2026/03/01 v3.2d microtype main configuration file (RS)
)
LaTeX Info: Redefining \microtypesetup on input line 3065.
)
(c:/texlive/2026/texmf-dist/tex/latex/fancyhdr/fancyhdr.sty
Package: fancyhdr 2025/02/07 v5.2 Extensive control of page headers and footers

\f@nch@headwidth=\skip57
\f@nch@offset@elh=\skip58
\f@nch@offset@erh=\skip59
\f@nch@offset@olh=\skip60
\f@nch@offset@orh=\skip61
\f@nch@offset@elf=\skip62
\f@nch@offset@erf=\skip63
\f@nch@offset@olf=\skip64
\f@nch@offset@orf=\skip65
\f@nch@height=\skip66
\f@nch@footalignment=\skip67
\f@nch@widthL=\skip68
\f@nch@widthC=\skip69
\f@nch@widthR=\skip70
\@temptokenb=\toks29
)
(c:/texlive/2026/texmf-dist/tex/latex/listings/listings.sty
\lst@mode=\count321
\lst@gtempboxa=\box57
\lst@token=\toks30
\lst@length=\count322
\lst@currlwidth=\dimen185
\lst@column=\count323
\lst@pos=\count324
\lst@lostspace=\dimen186
\lst@width=\dimen187
\lst@newlines=\count325
\lst@lineno=\count326
\lst@maxwidth=\dimen188

(c:/texlive/2026/texmf-dist/tex/latex/listings/lstpatch.sty
File: lstpatch.sty 2025/11/14 1.11b (Carsten Heinz)
)
(c:/texlive/2026/texmf-dist/tex/latex/listings/lstmisc.sty
File: lstmisc.sty 2025/11/14 1.11b (Carsten Heinz)
\c@lstnumber=\count327
\lst@skipnumbers=\count328
\lst@framebox=\box58
)
(c:/texlive/2026/texmf-dist/tex/latex/listings/listings.cfg
File: listings.cfg 2025/11/14 1.11b listings configuration
))
Package: listings 2025/11/14 1.11b (Carsten Heinz)

(c:/texlive/2026/texmf-dist/tex/latex/xcolor/xcolor.sty
Package: xcolor 2024/09/29 v3.02 LaTeX color extensions (UK)

(c:/texlive/2026/texmf-dist/tex/latex/graphics-cfg/color.cfg
File: color.cfg 2016/01/02 v1.6 sample color configuration
)
Package xcolor Info: Driver file: pdftex.def on input line 274.

(c:/texlive/2026/texmf-dist/tex/latex/graphics/mathcolor.ltx)
Package xcolor Info: Model `cmy' substituted by `cmy0' on input line 1349.
Package xcolor Info: Model `hsb' substituted by `rgb' on input line 1353.
Package xcolor Info: Model `RGB' extended on input line 1365.
Package xcolor Info: Model `HTML' substituted by `rgb' on input line 1367.
Package xcolor Info: Model `Hsb' substituted by `hsb' on input line 1368.
Package xcolor Info: Model `tHsb' substituted by `hsb' on input line 1369.
Package xcolor Info: Model `HSB' substituted by `hsb' on input line 1370.
Package xcolor Info: Model `Gray' substituted by `gray' on input line 1371.
Package xcolor Info: Model `wave' substituted by `hsb' on input line 1372.
)
(c:/texlive/2026/texmf-dist/tex/latex/psnfss/courier.sty
Package: courier 2020/03/25 PSNFSS-v9.3 (WaS) 
)
(c:/texlive/2026/texmf-dist/tex/latex/psnfss/mathpazo.sty
Package: mathpazo 2020/03/25 PSNFSS-v9.3 Palatino w/ Pazo Math (D.Puga, WaS) 
\symupright=\mathgroup4
)
(c:/texlive/2026/texmf-dist/tex/latex/listings/lstlang1.sty
File: lstlang1.sty 2025/11/14 1.11b listings language file
)
(c:/texlive/2026/texmf-dist/tex/latex/listings/lstlang2.sty
File: lstlang2.sty 2025/11/14 1.11b listings language file
)
(c:/texlive/2026/texmf-dist/tex/latex/listings/lstlang3.sty
File: lstlang3.sty 2025/11/14 1.11b listings language file
)
Package hyperref Info: Option `colorlinks' set `true' on input line 64.
LaTeX Font Info:    Trying to load font information for T1+ppl on input line 99
.

(c:/texlive/2026/texmf-dist/tex/latex/psnfss/t1ppl.fd
File: t1ppl.fd 2001/06/04 font definitions for T1/ppl.
)
(c:/texlive/2026/texmf-dist/tex/latex/l3backend/l3backend-pdftex.def
File: l3backend-pdftex.def 2026-02-18 L3 backend support: PDF output (pdfTeX)
\l__color_backend_stack_int=\count329
)
(./main.aux
Package babel Info: 'brazil' activates 'portuges' shorthands.
(babel)             Reported on input line 8.
)
\openout1 = `main.aux'.

LaTeX Font Info:    Checking defaults for OML/cmm/m/it on input line 99.
LaTeX Font Info:    ... okay on input line 99.
LaTeX Font Info:    Checking defaults for OMS/cmsy/m/n on input line 99.
LaTeX Font Info:    ... okay on input line 99.
LaTeX Font Info:    Checking defaults for OT1/cmr/m/n on input line 99.
LaTeX Font Info:    ... okay on input line 99.
LaTeX Font Info:    Checking defaults for T1/cmr/m/n on input line 99.
LaTeX Font Info:    ... okay on input line 99.
LaTeX Font Info:    Checking defaults for TS1/cmr/m/n on input line 99.
LaTeX Font Info:    ... okay on input line 99.
LaTeX Font Info:    Checking defaults for OMX/cmex/m/n on input line 99.
LaTeX Font Info:    ... okay on input line 99.
LaTeX Font Info:    Checking defaults for U/cmr/m/n on input line 99.
LaTeX Font Info:    ... okay on input line 99.
LaTeX Font Info:    Checking defaults for PD1/pdf/m/n on input line 99.
LaTeX Font Info:    ... okay on input line 99.
LaTeX Font Info:    Checking defaults for PU/pdf/m/n on input line 99.
LaTeX Font Info:    ... okay on input line 99.

*geometry* driver: auto-detecting
*geometry* detected driver: pdftex
*geometry* verbose mode - [ preamble ] result:
* driver: pdftex
* paper: a4paper
* layout: <same size as paper>
* layoutoffset:(h,v)=(0.0pt,0.0pt)
* modes: 
* h-part:(L,W,R)=(85.35826pt, 455.24411pt, 56.9055pt)
* v-part:(T,H,B)=(85.35826pt, 688.5567pt, 71.13188pt)
* \paperwidth=597.50787pt
* \paperheight=845.04684pt
* \textwidth=455.24411pt
* \textheight=688.5567pt
* \oddsidemargin=13.08827pt
* \evensidemargin=13.08827pt
* \topmargin=-23.91173pt
* \headheight=33.0pt
* \headsep=25.0pt
* \topskip=10.0pt
* \footskip=30.0pt
* \marginparwidth=57.0pt
* \marginparsep=11.0pt
* \columnsep=10.0pt
* \skip\footins=9.0pt plus 4.0pt minus 2.0pt
* \hoffset=0.0pt
* \voffset=0.0pt
* \mag=1000
* \@twocolumnfalse
* \@twosidefalse
* \@mparswitchfalse
* \@reversemarginfalse
* (1in=72.27pt=25.4mm, 1cm=28.453pt)

(c:/texlive/2026/texmf-dist/tex/context/base/mkii/supp-pdf.mkii
[Loading MPS to PDF converter (version 2006.09.02).]
\scratchcounter=\count330
\scratchdimen=\dimen189
\scratchbox=\box59
\nofMPsegments=\count331
\nofMParguments=\count332
\everyMPshowfont=\toks31
\MPscratchCnt=\count333
\MPscratchDim=\dimen190
\MPnumerator=\count334
\makeMPintoPDFobject=\count335
\everyMPtoPDFconversion=\toks32
) (c:/texlive/2026/texmf-dist/tex/latex/epstopdf-pkg/epstopdf-base.sty
Package: epstopdf-base 2020-01-24 v2.11 Base part for package epstopdf
Package epstopdf-base Info: Redefining graphics rule for `.eps' on input line 4
85.

(c:/texlive/2026/texmf-dist/tex/latex/latexconfig/epstopdf-sys.cfg
File: epstopdf-sys.cfg 2010/07/13 v1.3 Configuration of (r)epstopdf for TeX Liv
e
))
Package hyperref Info: Link coloring ON on input line 99.

(./main.out) (./main.out)
\@outlinefile=\write3
\openout3 = `main.out'.

Package caption Info: Begin \AtBeginDocument code.
Package caption Info: listings package is loaded.
Package caption Info: End \AtBeginDocument code.
LaTeX Info: Redefining \microtypecontext on input line 99.
Package microtype Info: Applying patch `item' on input line 99.
Package microtype Info: Applying patch `toc' on input line 99.
Package microtype Info: Applying patch `eqnum' on input line 99.
Package microtype Info: Applying patch `footnote' on input line 99.
Package microtype Info: Applying patch `verbatim' on input line 99.
LaTeX Info: Redefining \microtypesetup on input line 99.
Package microtype Info: Generating PDF output.
Package microtype Info: Character protrusion enabled (level 2).
Package microtype Info: Using default protrusion set `alltext'.
Package microtype Info: No font expansion.
Package microtype Info: No adjustment of tracking.
Package microtype Info: No adjustment of interword spacing.
Package microtype Info: No adjustment of character kerning.

(c:/texlive/2026/texmf-dist/tex/latex/microtype/mt-ppl.cfg
File: mt-ppl.cfg 2005/11/16 v1.6 microtype config. file: Palatino (RS)
)
\c@lstlisting=\count336
Package babel Info: Main language set to 'brazil'.
<imagens/ufc.png, id=148, 794.0064pt x 350.7504pt>
File: imagens/ufc.png Graphic file (type png)
<use imagens/ufc.png>
Package pdftex.def Info: imagens/ufc.png  used on input line 106.
(pdftex.def)             Requested size: 159.33821pt x 70.38432pt.
 [1

{c:/texlive/2026/texmf-var/fonts/map/pdftex/updmap/pdftex.map}{c:/texlive/2026/
texmf-dist/fonts/enc/dvips/base/8r.enc} <./imagens/ufc.png>]
LaTeX Font Info:    Trying to load font information for T1+pcr on input line 12
7.

(c:/texlive/2026/texmf-dist/tex/latex/psnfss/t1pcr.fd
File: t1pcr.fd 2001/06/04 font definitions for T1/pcr.
)
Package microtype Info: Loading generic protrusion settings for font family
(microtype)             `pcr' (encoding: T1).
(microtype)             For optimal results, create family-specific settings.
(microtype)             See the microtype manual for details.
LaTeX Font Info:    Font shape `T1/pcr/m/it' in size <8> not available
(Font)              Font shape `T1/pcr/m/sl' tried instead on input line 128.
LaTeX Font Info:    Trying to load font information for OT1+ppl on input line 1
75.

(c:/texlive/2026/texmf-dist/tex/latex/psnfss/ot1ppl.fd
File: ot1ppl.fd 2001/06/04 font definitions for OT1/ppl.
)
LaTeX Font Info:    Trying to load font information for OML+zplm on input line 
175.

(c:/texlive/2026/texmf-dist/tex/latex/psnfss/omlzplm.fd
File: omlzplm.fd 2002/09/08 Fontinst v1.914 font definitions for OML/zplm.
)
LaTeX Font Info:    Trying to load font information for OMS+zplm on input line 
175.

(c:/texlive/2026/texmf-dist/tex/latex/psnfss/omszplm.fd
File: omszplm.fd 2002/09/08 Fontinst v1.914 font definitions for OMS/zplm.
)
LaTeX Font Info:    Trying to load font information for OMX+zplm on input line 
175.

(c:/texlive/2026/texmf-dist/tex/latex/psnfss/omxzplm.fd
File: omxzplm.fd 2002/09/08 Fontinst v1.914 font definitions for OMX/zplm.
)
LaTeX Font Info:    Trying to load font information for OT1+zplm on input line 
175.

(c:/texlive/2026/texmf-dist/tex/latex/psnfss/ot1zplm.fd
File: ot1zplm.fd 2002/09/08 Fontinst v1.914 font definitions for OT1/zplm.
)
Package microtype Info: Loading generic protrusion settings for font family
(microtype)             `zplm' (encoding: OT1).
(microtype)             For optimal results, create family-specific settings.
(microtype)             See the microtype manual for details.
File: imagens/ufc.png Graphic file (type png)
<use imagens/ufc.png>
Package pdftex.def Info: imagens/ufc.png  used on input line 183.
(pdftex.def)             Requested size: 64.40623pt x 28.45274pt.

pdfTeX warning (ext4): destination with the same identifier (name{page.1}) has 
been already used, duplicate ignored
<to be read again> 
                   \relax 
l.183 \[
         [1]
File: imagens/ufc.png Graphic file (type png)
<use imagens/ufc.png>
Package pdftex.def Info: imagens/ufc.png  used on input line 241.
(pdftex.def)             Requested size: 64.40623pt x 28.45274pt.
 [2]
LaTeX Font Info:    Trying to load font information for TS1+ppl on input line 2
52.
 (c:/texlive/2026/texmf-dist/tex/latex/psnfss/ts1ppl.fd
File: ts1ppl.fd 2001/06/04 font definitions for TS1/ppl.
)
File: imagens/ufc.png Graphic file (type png)
<use imagens/ufc.png>
Package pdftex.def Info: imagens/ufc.png  used on input line 277.
(pdftex.def)             Requested size: 64.40623pt x 28.45274pt.

[3]
File: imagens/ufc.png Graphic file (type png)
<use imagens/ufc.png>
Package pdftex.def Info: imagens/ufc.png  used on input line 336.
(pdftex.def)             Requested size: 64.40623pt x 28.45274pt.
 [4]

LaTeX Warning: `h' float specifier changed to `ht'.

File: imagens/ufc.png Graphic file (type png)
<use imagens/ufc.png>
Package pdftex.def Info: imagens/ufc.png  used on input line 416.
(pdftex.def)             Requested size: 64.40623pt x 28.45274pt.
[5]
File: imagens/ufc.png Graphic file (type png)
<use imagens/ufc.png>
Package pdftex.def Info: imagens/ufc.png  used on input line 447.
(pdftex.def)             Requested size: 64.40623pt x 28.45274pt.
 [6]
Overfull \hbox (29.84996pt too wide) in paragraph at lines 463--464
[]\T1/ppl/m/n/10 Para as 10 pri-mei-ras ob-ser-va-ções (va-ri-á-veis \T1/pcr/m/
n/10 Q1_f10\T1/ppl/m/n/10 , \T1/pcr/m/n/10 Q2_f10\T1/ppl/m/n/10 , \T1/pcr/m/n/1
0 Q3_f10\T1/ppl/m/n/10 , \T1/pcr/m/n/10 iqr_f10\T1/ppl/m/n/10 , \T1/pcr/m/n/10 
lower_bound_f10\T1/ppl/m/n/10 ,
 []


LaTeX Warning: `h' float specifier changed to `ht'.

File: imagens/ufc.png Graphic file (type png)
<use imagens/ufc.png>
Package pdftex.def Info: imagens/ufc.png  used on input line 525.
(pdftex.def)             Requested size: 64.40623pt x 28.45274pt.
[7]
<imagens/hist_casual_10obs.png, id=249, 688.2457pt x 608.41255pt>
File: imagens/hist_casual_10obs.png Graphic file (type png)
<use imagens/hist_casual_10obs.png>
Package pdftex.def Info: imagens/hist_casual_10obs.png  used on input line 534.

(pdftex.def)             Requested size: 218.51521pt x 193.16418pt.
<imagens/box_casual_10obs.png, id=250, 688.2457pt x 608.41255pt>
File: imagens/box_casual_10obs.png Graphic file (type png)
<use imagens/box_casual_10obs.png>
Package pdftex.def Info: imagens/box_casual_10obs.png  used on input line 541.
(pdftex.def)             Requested size: 218.51521pt x 193.16418pt.
<imagens/hist_casual_300obs.png, id=251, 688.2457pt x 608.41255pt>
File: imagens/hist_casual_300obs.png Graphic file (type png)
<use imagens/hist_casual_300obs.png>
Package pdftex.def Info: imagens/hist_casual_300obs.png  used on input line 553
.
(pdftex.def)             Requested size: 218.51521pt x 193.16418pt.
<imagens/box_casual_300obs.png, id=252, 688.2457pt x 608.41255pt>
File: imagens/box_casual_300obs.png Graphic file (type png)
<use imagens/box_casual_300obs.png>
Package pdftex.def Info: imagens/box_casual_300obs.png  used on input line 560.

(pdftex.def)             Requested size: 218.51521pt x 193.16418pt.


LaTeX Warning: `h' float specifier changed to `ht'.

File: imagens/ufc.png Graphic file (type png)
<use imagens/ufc.png>
Package pdftex.def Info: imagens/ufc.png  used on input line 571.
(pdftex.def)             Requested size: 64.40623pt x 28.45274pt.
[8 <./imagens/hist_casual_10obs.png (PNG copy)> <./imagens/box_casual_10obs.png
 (PNG copy)>]

Package hyperref Warning: Token not allowed in a PDF string (Unicode):
(hyperref)                removing `math shift' on input line 586.


Package hyperref Warning: Token not allowed in a PDF string (Unicode):
(hyperref)                removing `subscript' on input line 586.


Package hyperref Warning: Token not allowed in a PDF string (Unicode):
(hyperref)                removing `math shift' on input line 586.

File: imagens/ufc.png Graphic file (type png)
<use imagens/ufc.png>
Package pdftex.def Info: imagens/ufc.png  used on input line 596.
(pdftex.def)             Requested size: 64.40623pt x 28.45274pt.
[9 <./imagens/hist_casual_300obs.png (PNG copy)> <./imagens/box_casual_300obs.p
ng (PNG copy)>]
Overfull \hbox (28.33395pt too wide) in paragraph at lines 600--601
[]\T1/ppl/m/n/10 Para as 10 pri-mei-ras ob-ser-va-ções, o va-lor de re-fe-rên-c
ia foi $\OML/zplm/m/it/10 Q[] \OT1/zplm/m/n/10 = \OT1/ppl/m/n/10 1876[]75$ \T1/
ppl/m/n/10 (va-ri-á-vel \T1/pcr/m/n/10 Q1_lowusage_f10\T1/ppl/m/n/10 ),
 []


Overfull \hbox (7.14415pt too wide) in paragraph at lines 602--603
[]\T1/ppl/m/n/10 Para as 300 ob-ser-va-ções do grupo, o va-lor de re-fe-rên-cia
 foi $\OML/zplm/m/it/10 Q[] \OT1/zplm/m/n/10 = \OT1/ppl/m/n/10 3116[]50$ \T1/pp
l/m/n/10 (va-ri-á-vel \T1/pcr/m/n/10 Q1_lowusage\T1/ppl/m/n/10 ),
 []

File: imagens/ufc.png Graphic file (type png)
<use imagens/ufc.png>
Package pdftex.def Info: imagens/ufc.png  used on input line 606.
(pdftex.def)             Requested size: 64.40623pt x 28.45274pt.
[10]
File: imagens/ufc.png Graphic file (type png)
<use imagens/ufc.png>
Package pdftex.def Info: imagens/ufc.png  used on input line 658.
(pdftex.def)             Requested size: 64.40623pt x 28.45274pt.
 [11

]
Overfull \hbox (12.26843pt too wide) in paragraph at lines 669--670
[]\T1/ppl/m/n/10 O mesmo pro-ce-di-mento foi apli-cado às 300 ob-ser-va-ções (v
a-ri-á-veis \T1/pcr/m/n/10 xn_*\T1/ppl/m/n/10 , \T1/pcr/m/n/10 me_*\T1/ppl/m/n/
10 , \T1/pcr/m/n/10 sd_* \T1/ppl/m/n/10 e \T1/pcr/m/n/10 prop_lu_*
 []

<imagens/box_winter_10obs.png, id=278, 2007.5pt x 2007.5pt>
File: imagens/box_winter_10obs.png Graphic file (type png)
<use imagens/box_winter_10obs.png>
Package pdftex.def Info: imagens/box_winter_10obs.png  used on input line 689.
(pdftex.def)             Requested size: 204.85846pt x 204.8358pt.
<imagens/box_winter_300obs.png, id=279, 2007.5pt x 2007.5pt>
File: imagens/box_winter_300obs.png Graphic file (type png)
<use imagens/box_winter_300obs.png>
Package pdftex.def Info: imagens/box_winter_300obs.png  used on input line 698.

(pdftex.def)             Requested size: 204.85846pt x 204.8358pt.
<imagens/box_spring_300obs.png, id=280, 2007.5pt x 2007.5pt>
File: imagens/box_spring_300obs.png Graphic file (type png)
<use imagens/box_spring_300obs.png>
Package pdftex.def Info: imagens/box_spring_300obs.png  used on input line 705.

(pdftex.def)             Requested size: 204.85846pt x 204.8358pt.
<imagens/box_summer_300obs.png, id=281, 2007.5pt x 2007.5pt>
File: imagens/box_summer_300obs.png Graphic file (type png)
<use imagens/box_summer_300obs.png>
Package pdftex.def Info: imagens/box_summer_300obs.png  used on input line 712.

(pdftex.def)             Requested size: 204.85846pt x 204.8358pt.
<imagens/box_autumn_300obs.png, id=282, 2007.5pt x 2007.5pt>
File: imagens/box_autumn_300obs.png Graphic file (type png)
<use imagens/box_autumn_300obs.png>
Package pdftex.def Info: imagens/box_autumn_300obs.png  used on input line 719.

(pdftex.def)             Requested size: 204.85846pt x 204.8358pt.
File: imagens/ufc.png Graphic file (type png)
<use imagens/ufc.png>
Package pdftex.def Info: imagens/ufc.png  used on input line 728.
(pdftex.def)             Requested size: 64.40623pt x 28.45274pt.
[12 <./imagens/box_winter_10obs.png (PNG copy)>]
File: imagens/ufc.png Graphic file (type png)
<use imagens/ufc.png>
Package pdftex.def Info: imagens/ufc.png  used on input line 729.
(pdftex.def)             Requested size: 64.40623pt x 28.45274pt.
 [13 <./imagens/box_winter_300obs.png (PNG copy)> <./imagens/box_spring_300obs.
png (PNG copy)> <./imagens/box_summer_300obs.png (PNG copy)> <./imagens/box_aut
umn_300obs.png (PNG copy)>]
<imagens/box_clear_10obs.png, id=296, 2007.5pt x 2007.5pt>
File: imagens/box_clear_10obs.png Graphic file (type png)
<use imagens/box_clear_10obs.png>
Package pdftex.def Info: imagens/box_clear_10obs.png  used on input line 784.
(pdftex.def)             Requested size: 141.12456pt x 141.12137pt.
<imagens/box_cloudy_10obs.png, id=297, 2007.5pt x 2007.5pt>
File: imagens/box_cloudy_10obs.png Graphic file (type png)
<use imagens/box_cloudy_10obs.png>
Package pdftex.def Info: imagens/box_cloudy_10obs.png  used on input line 791.
(pdftex.def)             Requested size: 141.12456pt x 141.12137pt.
<imagens/box_lightrain_10obs.png, id=298, 2007.5pt x 2007.5pt>
File: imagens/box_lightrain_10obs.png Graphic file (type png)
<use imagens/box_lightrain_10obs.png>
Package pdftex.def Info: imagens/box_lightrain_10obs.png  used on input line 79
8.
(pdftex.def)             Requested size: 141.12456pt x 141.12137pt.
<imagens/box_clear_300obs.png, id=299, 2007.5pt x 2007.5pt>
File: imagens/box_clear_300obs.png Graphic file (type png)
<use imagens/box_clear_300obs.png>
Package pdftex.def Info: imagens/box_clear_300obs.png  used on input line 832.
(pdftex.def)             Requested size: 141.12456pt x 141.12137pt.
<imagens/box_cloudy_300obs.png, id=300, 2007.5pt x 2007.5pt>
File: imagens/box_cloudy_300obs.png Graphic file (type png)
<use imagens/box_cloudy_300obs.png>
Package pdftex.def Info: imagens/box_cloudy_300obs.png  used on input line 839.

(pdftex.def)             Requested size: 141.12456pt x 141.12137pt.
<imagens/box_lightrain_300obs.png, id=301, 2007.5pt x 2007.5pt>
File: imagens/box_lightrain_300obs.png Graphic file (type png)
<use imagens/box_lightrain_300obs.png>
Package pdftex.def Info: imagens/box_lightrain_300obs.png  used on input line 8
46.
(pdftex.def)             Requested size: 141.12456pt x 141.12137pt.
<imagens/bar_prop_lu_weather_10obs.png, id=302, 2007.5pt x 2007.5pt>
File: imagens/bar_prop_lu_weather_10obs.png Graphic file (type png)
<use imagens/bar_prop_lu_weather_10obs.png>
Package pdftex.def Info: imagens/bar_prop_lu_weather_10obs.png  used on input l
ine 858.
(pdftex.def)             Requested size: 218.51521pt x 218.49765pt.
<imagens/bar_prop_lu_weather_300obs.png, id=303, 2007.5pt x 2007.5pt>
File: imagens/bar_prop_lu_weather_300obs.png Graphic file (type png)
<use imagens/bar_prop_lu_weather_300obs.png>
Package pdftex.def Info: imagens/bar_prop_lu_weather_300obs.png  used on input 
line 865.
(pdftex.def)             Requested size: 218.51521pt x 218.49765pt.
File: imagens/ufc.png Graphic file (type png)
<use imagens/ufc.png>
Package pdftex.def Info: imagens/ufc.png  used on input line 874.
(pdftex.def)             Requested size: 64.40623pt x 28.45274pt.

[14

]
File: imagens/ufc.png Graphic file (type png)
<use imagens/ufc.png>
Package pdftex.def Info: imagens/ufc.png  used on input line 875.
(pdftex.def)             Requested size: 64.40623pt x 28.45274pt.
 [15 <./imagens/box_clear_10obs.png (PNG copy)> <./imagens/box_cloudy_10obs.png
 (PNG copy)> <./imagens/box_lightrain_10obs.png (PNG copy)> <./imagens/box_clea
r_300obs.png (PNG copy)> <./imagens/box_cloudy_300obs.png (PNG copy)> <./imagen
s/box_lightrain_300obs.png (PNG copy)>]
File: imagens/ufc.png Graphic file (type png)
<use imagens/ufc.png>
Package pdftex.def Info: imagens/ufc.png  used on input line 875.
(pdftex.def)             Requested size: 64.40623pt x 28.45274pt.
 [16 <./imagens/bar_prop_lu_weather_10obs.png (PNG copy)> <./imagens/bar_prop_l
u_weather_300obs.png (PNG copy)>]
<imagens/scatter_temp_tu_10obs.png, id=327, 2007.5pt x 2007.5pt>
File: imagens/scatter_temp_tu_10obs.png Graphic file (type png)
<use imagens/scatter_temp_tu_10obs.png>
Package pdftex.def Info: imagens/scatter_temp_tu_10obs.png  used on input line 
921.
(pdftex.def)             Requested size: 250.38564pt x 250.38551pt.
<imagens/scatter_temp_tu_300obs.png, id=328, 2007.5pt x 2007.5pt>
File: imagens/scatter_temp_tu_300obs.png Graphic file (type png)
<use imagens/scatter_temp_tu_300obs.png>
Package pdftex.def Info: imagens/scatter_temp_tu_300obs.png  used on input line
 935.
(pdftex.def)             Requested size: 250.38564pt x 250.38551pt.
File: imagens/ufc.png Graphic file (type png)
<use imagens/ufc.png>
Package pdftex.def Info: imagens/ufc.png  used on input line 943.
(pdftex.def)             Requested size: 64.40623pt x 28.45274pt.

[17

]
File: imagens/ufc.png Graphic file (type png)
<use imagens/ufc.png>
Package pdftex.def Info: imagens/ufc.png  used on input line 948.
(pdftex.def)             Requested size: 64.40623pt x 28.45274pt.
 [18 <./imagens/scatter_temp_tu_10obs.png (PNG copy)> <./imagens/scatter_temp_t
u_300obs.png (PNG copy)>]
File: imagens/ufc.png Graphic file (type png)
<use imagens/ufc.png>
Package pdftex.def Info: imagens/ufc.png  used on input line 956.
(pdftex.def)             Requested size: 64.40623pt x 28.45274pt.
 [19]
<imagens/ts_total_user_10obs.png, id=348, 505.89pt x 505.89pt>
File: imagens/ts_total_user_10obs.png Graphic file (type png)
<use imagens/ts_total_user_10obs.png>
Package pdftex.def Info: imagens/ts_total_user_10obs.png  used on input line 96
9.
(pdftex.def)             Requested size: 96.73763pt x 96.73763pt.
<imagens/ts_total_user_300obs.png, id=349, 505.89pt x 505.89pt>
File: imagens/ts_total_user_300obs.png Graphic file (type png)
<use imagens/ts_total_user_300obs.png>
Package pdftex.def Info: imagens/ts_total_user_300obs.png  used on input line 9
78.
(pdftex.def)             Requested size: 108.1158pt x 108.1158pt.
File: imagens/ufc.png Graphic file (type png)
<use imagens/ufc.png>
Package pdftex.def Info: imagens/ufc.png  used on input line 993.
(pdftex.def)             Requested size: 64.40623pt x 28.45274pt.
 [20

 <./imagens/ts_total_user_10obs.png (PNG copy)> <./imagens/ts_total_user_300obs
.png (PNG copy)>]
<imagens/box_season_300obs.png, id=363, 505.89pt x 505.89pt>
File: imagens/box_season_300obs.png Graphic file (type png)
<use imagens/box_season_300obs.png>
Package pdftex.def Info: imagens/box_season_300obs.png  used on input line 1006
.
(pdftex.def)             Requested size: 105.27512pt x 105.27512pt.
<imagens/bar_means_season_300obs.png, id=364, 505.89pt x 505.89pt>
File: imagens/bar_means_season_300obs.png Graphic file (type png)
<use imagens/bar_means_season_300obs.png>
Package pdftex.def Info: imagens/bar_means_season_300obs.png  used on input lin
e 1013.
(pdftex.def)             Requested size: 105.27512pt x 105.27512pt.
<imagens/bar_prop_lu_season_300obs.png, id=365, 505.89pt x 505.89pt>
File: imagens/bar_prop_lu_season_300obs.png Graphic file (type png)
<use imagens/bar_prop_lu_season_300obs.png>
Package pdftex.def Info: imagens/bar_prop_lu_season_300obs.png  used on input l
ine 1020.
(pdftex.def)             Requested size: 105.27512pt x 105.27512pt.
File: imagens/ufc.png Graphic file (type png)
<use imagens/ufc.png>
Package pdftex.def Info: imagens/ufc.png  used on input line 1048.
(pdftex.def)             Requested size: 64.40623pt x 28.45274pt.
 [21

 <./imagens/box_season_300obs.png (PNG copy)> <./imagens/bar_means_season_300ob
s.png (PNG copy)> <./imagens/bar_prop_lu_season_300obs.png (PNG copy)>]
<imagens/box_weather_300obs.png, id=375, 505.89pt x 505.89pt>
File: imagens/box_weather_300obs.png Graphic file (type png)
<use imagens/box_weather_300obs.png>
Package pdftex.def Info: imagens/box_weather_300obs.png  used on input line 105
7.
(pdftex.def)             Requested size: 125.19078pt x 125.19078pt.
<imagens/bar_means_weather_300obs.png, id=376, 505.89pt x 505.89pt>
File: imagens/bar_means_weather_300obs.png Graphic file (type png)
<use imagens/bar_means_weather_300obs.png>
Package pdftex.def Info: imagens/bar_means_weather_300obs.png  used on input li
ne 1064.
(pdftex.def)             Requested size: 125.19078pt x 125.19078pt.

Overfull \hbox (18.89342pt too wide) in paragraph at lines 1078--1088
 [][] 
 []

File: imagens/ufc.png Graphic file (type png)
<use imagens/ufc.png>
Package pdftex.def Info: imagens/ufc.png  used on input line 1092.
(pdftex.def)             Requested size: 64.40623pt x 28.45274pt.
[22

 <./imagens/box_weather_300obs.png (PNG copy)> <./imagens/bar_means_weather_300
obs.png (PNG copy)>]
LaTeX Font Info:    Font shape `T1/pcr/m/it' in size <10> not available
(Font)              Font shape `T1/pcr/m/sl' tried instead on input line 1138.

Overfull \hbox (51.37732pt too wide) in paragraph at lines 1149--1150
[]\T1/ppl/m/n/10 Os va-lo-res cal-cu-la-dos ma-nu-al-mente co-in-ci-dem com os 
ob-ti-dos via có-digo R (va-ri-á-veis \T1/pcr/m/n/10 cor_lowusage_f10
 []

File: imagens/ufc.png Graphic file (type png)
<use imagens/ufc.png>
Package pdftex.def Info: imagens/ufc.png  used on input line 1154.
(pdftex.def)             Requested size: 64.40623pt x 28.45274pt.
[23

]
<imagens/scatter_temp_tu_usage_group_10obs.png, id=394, 505.89pt x 505.89pt>
File: imagens/scatter_temp_tu_usage_group_10obs.png Graphic file (type png)
<use imagens/scatter_temp_tu_usage_group_10obs.png>
Package pdftex.def Info: imagens/scatter_temp_tu_usage_group_10obs.png  used on
 input line 1159.
(pdftex.def)             Requested size: 113.80489pt x 113.80489pt.
<imagens/scatter_temp_tu_usage_group_300obs.png, id=395, 505.89pt x 505.89pt>
File: imagens/scatter_temp_tu_usage_group_300obs.png Graphic file (type png)
<use imagens/scatter_temp_tu_usage_group_300obs.png>
Package pdftex.def Info: imagens/scatter_temp_tu_usage_group_300obs.png  used o
n input line 1166.
(pdftex.def)             Requested size: 113.80489pt x 113.80489pt.
File: imagens/ufc.png Graphic file (type png)
<use imagens/ufc.png>
Package pdftex.def Info: imagens/ufc.png  used on input line 1202.
(pdftex.def)             Requested size: 64.40623pt x 28.45274pt.
 [24 <./imagens/scatter_temp_tu_usage_group_10obs.png (PNG copy)> <./imagens/sc
atter_temp_tu_usage_group_300obs.png (PNG copy)>]
File: imagens/ufc.png Graphic file (type png)
<use imagens/ufc.png>
Package pdftex.def Info: imagens/ufc.png  used on input line 1207.
(pdftex.def)             Requested size: 64.40623pt x 28.45274pt.
 [25

] (./main.aux)
 ***********
LaTeX2e <2026-06-01>
L3 programming layer <2026-06-18>
 ***********
Package rerunfilecheck Info: File `main.out' has not changed.
(rerunfilecheck)             Checksum: 9683ED6600B61FEC46858BC19FD973E9;9635.
 ) 
Here is how much of TeX's memory you used:
 18707 strings out of 467168
 300246 string characters out of 5413705
 1143931 words of memory out of 5000000
 47578 multiletter control sequences out of 15000+600000
 669877 words of font info for 128 fonts, out of 8000000 for 9000
 1141 hyphenation exceptions out of 8191
 74i,19n,79p,1106b,1930s stack positions out of 10000i,1000n,20000p,200000b,200000s
<c:/texlive/2026/texmf-dist/fonts/type1/public/amsfonts/cm/cmex10.pfb><c:/tex
live/2026/texmf-dist/fonts/type1/public/amsfonts/cm/cmmi10.pfb><c:/texlive/2026
/texmf-dist/fonts/type1/public/amsfonts/cm/cmr10.pfb><c:/texlive/2026/texmf-dis
t/fonts/type1/public/amsfonts/cm/cmsy10.pfb><c:/texlive/2026/texmf-dist/fonts/t
ype1/public/mathpazo/fplmr.pfb><c:/texlive/2026/texmf-dist/fonts/type1/urw/cour
ier/ucrb8a.pfb><c:/texlive/2026/texmf-dist/fonts/type1/urw/courier/ucrr8a.pfb><
c:/texlive/2026/texmf-dist/fonts/type1/urw/courier/ucrro8a.pfb><c:/texlive/2026
/texmf-dist/fonts/type1/urw/palatino/uplb8a.pfb><c:/texlive/2026/texmf-dist/fon
ts/type1/urw/palatino/uplbi8a.pfb><c:/texlive/2026/texmf-dist/fonts/type1/urw/p
alatino/uplr8a.pfb><c:/texlive/2026/texmf-dist/fonts/type1/urw/palatino/uplri8a
.pfb>
Output written on main.pdf (26 pages, 2227513 bytes).
PDF statistics:
 498 PDF objects out of 1000 (max. 8388607)
 411 compressed objects within 5 object streams
 148 named destinations out of 1000 (max. 500000)
 19378 words of extra memory for PDF output out of 20736 (max. 10000000)

